// Jest Snapshot v1, https://goo.gl/fbAQLP

exports[`<Container/> should ensure it match the snapshot 1`] = `
<body>
  <div>
    <div
      class="styled__Container-sc-c8c48a6e-0 ezhylV"
    />
  </div>
</body>
`;
