// Jest Snapshot v1, https://goo.gl/fbAQLP

exports[`<ErrorState /> should render and match the snapshot 1`] = `
<body>
  <div>
    <div
      class="ant-card ant-card-bordered styled__CustomCard-sc-c8c48a6e-1 bzksGR css-dev-only-do-not-override-1i9hnpv"
      color="grey"
      data-testid="error-state"
    >
      <div
        class="ant-card-head"
      >
        <div
          class="ant-card-head-wrapper"
        >
          <div
            class="ant-card-head-title"
          >
            Repository List
          </div>
        </div>
      </div>
      <div
        class="ant-card-body"
      >
        <p
          class="T__StyledText-sc-5635c3d5-0 dqiFkr"
          data-testid="t"
        >
          Search Default
        </p>
      </div>
    </div>
  </div>
</body>
`;
