// Jest Snapshot v1, https://goo.gl/fbAQLP

exports[`<Clickable /> component tests should render and match the snapshot 1`] = `
<body>
  <div>
    <div
      class="Clickable__StyledClickable-sc-wshbsq-0 kfeOie"
      data-testid="clickable"
    >
      <p
        class="T__StyledText-sc-apdcd0-0 fDtdbl"
        data-testid="t"
      >
        Repository List
      </p>
    </div>
  </div>
</body>
`;
